// Jest Snapshot v1, https://goo.gl/fbAQLP

exports[`<TextInputBEM /> renders correctly 1`] = `
<div
  className="textInput"
>
  <label
    htmlFor="my_id"
    style={
      Object {
        "display": "block",
      }
    }
  >
    the label
     
  </label>
  <input
    id="my_id"
    name="my_name"
    onChange={[Function]}
    type="text"
  />
</div>
`;
