// Jest Snapshot v1, https://goo.gl/fbAQLP

exports[`<TextInput /> renders correctly 1`] = `
<div
  style={
    Object {
      "display": "inline-block",
      "marginBottom": 16,
      "position": "relative",
    }
  }
>
  <label
    className="label"
    htmlFor="my_id"
    style={
      Object {
        "display": "inline-block",
        "marginRight": "10px",
      }
    }
  >
    the label
     
  </label>
  <input
    className="textInput"
    id="my_id"
    name="my_name"
    onChange={[Function]}
    type="text"
  />
</div>
`;
